1..8
not ok 1 test-1
# (in test file batspp-output/hello-world-revised.outputpp, line 25)
#   `[ "$(test-1-actual)" == "$(test-1-expected)" ]' failed
# ========== alias testuser="sed -r "s/"$USER"+/userxf333/g""
#  ==========
# ========= $ alias testnum="sed -r "s/[0-9]/N/g"" =========
# $ alias testnum="sed -r "s/[0-9]/N/g""
# ============================
ok 2 test-3
ok 3 test-4
not ok 4 test-5
# (from function `test-5-actual' in file batspp-output/hello-world-revised.outputpp, line 134,
#  in test file batspp-output/hello-world-revised.outputpp, line 121)
#   `test-5-actual ' failed with status 127
# ========== pwd | testuser
#  ==========
# /home/aveey/tom-project/shell-scripts/tests/batspp-output/hello-world-revised.outputpp: line 134: testuser: command not found
ok 5 test-6
not ok 6 test-7
# (from function `test-7-actual' in file batspp-output/hello-world-revised.outputpp, line 202,
#  in test file batspp-output/hello-world-revised.outputpp, line 189)
#   `test-7-actual ' failed with status 127
# ========== man date | head -n 10 | testnum
#  ==========
# /home/aveey/tom-project/shell-scripts/tests/batspp-output/hello-world-revised.outputpp: line 202: testnum: command not found
not ok 7 test-8
# (from function `test-8-actual' in file batspp-output/hello-world-revised.outputpp, line 236,
#  in test file batspp-output/hello-world-revised.outputpp, line 223)
#   `test-8-actual ' failed with status 127
# ========== ps -l | awk '!($3=$4=$5=$10=$13="")' | testnum
#  ==========
# /home/aveey/tom-project/shell-scripts/tests/batspp-output/hello-world-revised.outputpp: line 236: testnum: command not found
not ok 8 test-9
# (from function `test-9-actual' in file batspp-output/hello-world-revised.outputpp, line 274,
#  in test file batspp-output/hello-world-revised.outputpp, line 261)
#   `test-9-actual ' failed with status 127
# ========== ps | head -n 10 | testuser | testnum
#  ==========
# /home/aveey/tom-project/shell-scripts/tests/batspp-output/hello-world-revised.outputpp: line 274: testuser: command not found
# /home/aveey/tom-project/shell-scripts/tests/batspp-output/hello-world-revised.outputpp: line 274: testnum: command not found
