1..2
ok 1 test-1
not ok 2 test-3
# (from function `test-3-actual' in file batspp-output/simple-alias-test.outputpp, line 66,
#  in test file batspp-output/simple-alias-test.outputpp, line 53)
#   `test-3-actual ' failed with status 127
# ========== echo abc def ght | count-words
#  ==========
# /home/aveey/tom-project/shell-scripts/tests/batspp-output/simple-alias-test.outputpp: line 66: count-words: command not found
