1..2
not ok 1 test-1
# (in test file batspp-output/tomasohara-aliases-test.outputpp, line 25)
#   `[ "$(test-1-actual)" == "$(test-1-expected)" ]' failed
# ========== ls *.html
#  ==========
# not.a.url.html
# ========= template.html =========
# template.html
# ============================
not ok 2 test-3
# (from function `test-3-actual' in file batspp-output/tomasohara-aliases-test.outputpp, line 66,
#  in test file batspp-output/tomasohara-aliases-test.outputpp, line 53)
#   `test-3-actual ' failed with status 127
# ========== url-path template.html
#  ==========
# /home/aveey/tom-project/shell-scripts/tests/batspp-output/tomasohara-aliases-test.outputpp: line 66: url-path: command not found
