1..15
not ok 1 test-1
# (in test file batspp-output/trace-setup-sorting-wrappers.outputpp, line 25)
#   `[ "$(test-1-actual)" == "$(test-1-expected)" ]' failed
# ========== echo $PS1
#  ==========
#
# ========= [PEXP\[\]ECT_PROMPT> =========
# [PEXP\[\]ECT_PROMPT>
# ============================
not ok 2 test-3
# (in test file batspp-output/trace-setup-sorting-wrappers.outputpp, line 59)
#   `[ "$(test-3-actual)" == "$(test-3-expected)" ]' failed
# ========== unalias -a
#  ==========
# ========= $ alias | wc -l\n$ for f in ; do unset -f ; done\n$ typeset -f | egrep '^\w+' | wc -l\n0\n0 =========
# $ alias | wc -l
# $ for f in bats_abort_timeout_countdown ()
# bats_add_debug_exclude_path ()
# bats_all_in ()
# bats_any_in ()
# bats_append_arrays_as_args ()
# bats_approx_realpath ()
# bats_binary_search ()
# bats_capture_stack_trace ()
# bats_check_status_from_trap ()
# bats_check_valid_version ()
# bats_create_test_tmpdirs ()
# bats_debug_trap ()
# bats_emit_trace ()
# bats_error_trap ()
# bats_evaluate_preprocessed_source ()
# bats_execute ()
# bats_exit_trap ()
# bats_extract_line ()
# bats_format_file_line_reference ()
# bats_format_file_line_reference_colon ()
# bats_format_file_line_reference_comma_line ()
# bats_format_file_line_reference_uri ()
# bats_frame_filename ()
# bats_frame_function ()
# bats_frame_lineno ()
# bats_generate_warning ()
# bats_get_child_processes_of ()
# bats_get_failure_stack_trace ()
# bats_internal_load ()
# bats_interrupt_trap ()
# bats_interrupt_trap_in_run ()
# bats_kill_childprocesses_of ()
# bats_load_library ()
# bats_load_library_safe ()
# bats_load_safe ()
# bats_merge_stdout_and_stderr ()
# bats_normalize_windows_dir_path ()
# bats_perform_test ()
# bats_prefix_lines_for_tap_output ()
# bats_preprocess_source ()
# bats_print_failed_command ()
# bats_print_stack_trace ()
# bats_quote_code ()
# bats_readlinkf ()
# declare -fx bats_readlinkf
# bats_redirect_stderr_into_file ()
# bats_replace_filename ()
# bats_require_minimum_version ()
# bats_separate_lines ()
# bats_setup_tracing ()
# bats_should_retry_test ()
# bats_sort ()
# bats_start_timeout_countdown ()
# bats_strip_string ()
# bats_teardown_trap ()
# bats_test_begin ()
# bats_test_function ()
# bats_timeout_trap ()
# bats_trim ()
# bats_trim_filename ()
# bats_version_lt ()
# bats_warn_minimum_guaranteed_version ()
# find_in_bats_lib_path ()
# get_mills_since_epoch ()
# load ()
# run ()
# setup ()
# skip ()
# teardown ()
# test-1-actual ()
# test-1-expected ()
# END_EXPECTED
# test-10-actual ()
# test-10-expected ()
# END_EXPECTED
# test-11-actual ()
# test-11-expected ()
# END_EXPECTED
# test-12-actual ()
# test-12-expected ()
# SYNOPSIS
# SEE ALSO
# REPORTING BUGS
# PRINTF(H)                        User Commands                       PRINTF(H)
# NAME
# GNU coreutils H.HH               February HHHH                       PRINTF(H)
# DESCRIPTION
# COPYRIGHT
# AUTHOR
# END_EXPECTED
# test-13-actual ()
# test-13-expected ()
# SYNOPSIS
# SEE ALSO
# REPORTING BUGS
# PRINTF(H)                        User Commands                       PRINTF(H)
# NAME
# GNU coreutils H.HH               February HHHH                       PRINTF(H)
# DESCRIPTION
# COPYRIGHT
# AUTHOR
# END_EXPECTED
# test-14-actual ()
# test-14-expected ()
# H.HH.H-HH-generic
# END_EXPECTED
# test-15-actual ()
# test-15-expected ()
# END_EXPECTED
# test-16-actual ()
# test-16-expected ()
# PRINTF(H)                        User Commands                       PRINTF(H)
# END_EXPECTED
# test-3-actual ()
# test-3-expected ()
# 0
# 0
# END_EXPECTED
# test-4-actual ()
# test-4-expected ()
# 0
# END_EXPECTED
# test-5-actual ()
# test-5-expected ()
# END_EXPECTED
# test-6-actual ()
# test-6-expected ()
# 1
# 0
# END_EXPECTED
# test-7-actual ()
# test-7-expected ()
# END_EXPECTED
# test-8-actual ()
# test-8-expected ()
# END_EXPECTED
# test-9-actual ()
# test-9-expected ()
# END_EXPECTED
# test_test-2d1 ()
# test_test-2d10 ()
# test_test-2d11 ()
# test_test-2d12 ()
# SYNOPSIS
# SEE ALSO
# REPORTING BUGS
# PRINTF(H)                        User Commands                       PRINTF(H)
# NAME
# GNU coreutils H.HH               February HHHH                       PRINTF(H)
# DESCRIPTION
# COPYRIGHT
# AUTHOR
# test_test-2d13 ()
# SYNOPSIS
# SEE ALSO
# REPORTING BUGS
# PRINTF(H)                        User Commands                       PRINTF(H)
# NAME
# GNU coreutils H.HH               February HHHH                       PRINTF(H)
# DESCRIPTION
# COPYRIGHT
# AUTHOR
# test_test-2d14 ()
# H.HH.H-HH-generic' "=========";
# test_test-2d15 ()
# test_test-2d16 ()
# test_test-2d3 ()
# test_test-2d4 ()
# 0' "=========";
# test_test-2d5 ()
# test_test-2d6 ()
# test_test-2d7 ()
# test_test-2d8 ()
# test_test-2d9 () ; do unset -f ; done
# $ typeset -f | egrep '^\w+' | wc -l
# 0
# 0
# ============================
not ok 3 test-4
# (in test file batspp-output/trace-setup-sorting-wrappers.outputpp, line 97)
#   `[ "$(test-4-actual)" == "$(test-4-expected)" ]' failed
# ========== TMP=/tmp/test-setupsort
#  ==========
# ========= ## NOTE: Source it directly from the ./tests directory.
# $ BIN_DIR=$PWD/..
# $ alias | wc -l
# 0 =========
# ## NOTE: Source it directly from the ./tests directory.
# $ BIN_DIR=/tmp/batspp-76755/test-4/..
# $ alias | wc -l
# 0
# ============================
not ok 4 test-5
# (in test file batspp-output/trace-setup-sorting-wrappers.outputpp, line 134)
#   `[ "$(test-5-actual)" == "$(test-5-expected)" ]' failed
# ========== temp_dir=$TMP/test-6411
#  ==========
# ========= $ mkdir -p "$temp_dir"
# # TODO: /bin/rm -rvf "$temp_dir"
# $ cd "$temp_dir"
# $ pwd
# #ALIAS FOR PRINTING SEPERATION LINES (FOR JUPYTER)
# $ alias linebr="printf '%*s\n' "${COLUMNS:-$(tput cols)}" '' | tr ' ' -"
# /tmp/test-setupsort/test-6411 =========
# $ mkdir -p "/test-6411"
# # TODO: /bin/rm -rvf "/test-6411"
# $ cd "/test-6411"
# $ pwd
# #ALIAS FOR PRINTING SEPERATION LINES (FOR JUPYTER)
# $ alias linebr="printf '%*s\n' "80" '' | tr ' ' -"
# /tmp/test-setupsort/test-6411
# ============================
not ok 5 test-6
# (in test file batspp-output/trace-setup-sorting-wrappers.outputpp, line 174)
#   `[ "$(test-6-actual)" == "$(test-6-expected)" ]' failed
# ========== alias | wc -l
#  ==========
# 0
# ========= # Count functions\n$ typeset -f | egrep '^\w+' | wc -l\n1\n0 =========
# # Count functions
# $ typeset -f | egrep '^\w+' | wc -l
# 1
# 0
# ============================
not ok 6 test-7
# (in test file batspp-output/trace-setup-sorting-wrappers.outputpp, line 211)
#   `[ "$(test-7-actual)" == "$(test-7-expected)" ]' failed
# ========== alias testnum="sed -r "s/[0-9]/H/g""
#  ==========
# ========= $ alias testuser="sed -r "s/"$USER"+/userxf333/g"" =========
# $ alias testuser="sed -r "s/"aveey"+/userxf333/g""
# ============================
not ok 7 test-8
# (from function `test-8-actual' in file batspp-output/trace-setup-sorting-wrappers.outputpp, line 252,
#  in test file batspp-output/trace-setup-sorting-wrappers.outputpp, line 239)
#   `test-8-actual ' failed
# ========== source $BIN_DIR/tomohara-aliases.bash
#  ==========
# /home/aveey/tom-project/shell-scripts/tests/batspp-output/trace-setup-sorting-wrappers.outputpp: line 252: /tomohara-aliases.bash: No such file or directory
not ok 8 test-9
# (from function `test-9-actual' in file batspp-output/trace-setup-sorting-wrappers.outputpp, line 286,
#  in test file batspp-output/trace-setup-sorting-wrappers.outputpp, line 273)
#   `test-9-actual ' failed with status 127
# ========== pwd | testuser
#  ==========
# /home/aveey/tom-project/shell-scripts/tests/batspp-output/trace-setup-sorting-wrappers.outputpp: line 286: testuser: command not found
not ok 9 test-10
# (in test file batspp-output/trace-setup-sorting-wrappers.outputpp, line 313)
#   `[ "$(test-10-actual)" == "$(test-10-expected)" ]' failed
# ========== rm -rf ./* > /dev/null
#  ==========
# ========= $ man printf > pf_manual.txt
# $ cat pf_manual.txt | tab-sort | testnum | testuser =========
# $ man printf > pf_manual.txt
# $ cat pf_manual.txt | tab-sort | testnum | testuser
# ============================
not ok 10 test-11
# (from function `test-11-actual' in file batspp-output/trace-setup-sorting-wrappers.outputpp, line 355,
#  in test file batspp-output/trace-setup-sorting-wrappers.outputpp, line 342)
#   `test-11-actual ' failed with status 127
# ========== cat pf_manual.txt | colon-sort | testnum | testuser
#  ==========
# /home/aveey/tom-project/shell-scripts/tests/batspp-output/trace-setup-sorting-wrappers.outputpp: line 355: colon-sort: command not found
# cat: pf_manual.txt: No such file or directory
# /home/aveey/tom-project/shell-scripts/tests/batspp-output/trace-setup-sorting-wrappers.outputpp: line 355: testnum: command not found
# /home/aveey/tom-project/shell-scripts/tests/batspp-output/trace-setup-sorting-wrappers.outputpp: line 355: testuser: command not found
not ok 11 test-12
# (from function `test-12-actual' in file batspp-output/trace-setup-sorting-wrappers.outputpp, line 389,
#  in test file batspp-output/trace-setup-sorting-wrappers.outputpp, line 376)
#   `test-12-actual ' failed with status 127
# ========== cat pf_manual.txt | colon-sort-rev-num | testnum | testuser
#  ==========
# /home/aveey/tom-project/shell-scripts/tests/batspp-output/trace-setup-sorting-wrappers.outputpp: line 389: colon-sort-rev-num: command not found
# /home/aveey/tom-project/shell-scripts/tests/batspp-output/trace-setup-sorting-wrappers.outputpp: line 389: testnum: command not found
# cat: pf_manual.txt: No such file or directory
# /home/aveey/tom-project/shell-scripts/tests/batspp-output/trace-setup-sorting-wrappers.outputpp: line 389: testuser: command not found
not ok 12 test-13
# (from function `test-13-actual' in file batspp-output/trace-setup-sorting-wrappers.outputpp, line 476,
#  in test file batspp-output/trace-setup-sorting-wrappers.outputpp, line 463)
#   `test-13-actual ' failed with status 127
# ========== cat pf_manual.txt | freq-sort | testnum | testuser
#  ==========
# /home/aveey/tom-project/shell-scripts/tests/batspp-output/trace-setup-sorting-wrappers.outputpp: line 476: freq-sort: command not found
# cat: pf_manual.txt/home/aveey/tom-project/shell-scripts/tests/batspp-output/trace-setup-sorting-wrappers.outputpp: line 476: testnum: command not found
# : No such file or directory
# /home/aveey/tom-project/shell-scripts/tests/batspp-output/trace-setup-sorting-wrappers.outputpp: line 476: testuser: command not found
not ok 13 test-14
# (in test file batspp-output/trace-setup-sorting-wrappers.outputpp, line 556)
#   `[ "$(test-14-actual)" == "$(test-14-expected)" ]' failed
# ========== uname -r > linux-info.txt
#  ==========
# ========= $ cat linux-info.txt | echoize | testnum | testuser
# # $ cat ~/.bashrc | echoize
# H.HH.H-HH-generic =========
# $ cat linux-info.txt | echoize | testnum | testuser
# # $ cat ~/.bashrc | echoize
# H.HH.H-HH-generic
# ============================
not ok 14 test-15
# (from function `test-15-actual' in file batspp-output/trace-setup-sorting-wrappers.outputpp, line 599,
#  in test file batspp-output/trace-setup-sorting-wrappers.outputpp, line 586)
#   `test-15-actual ' failed with status 127
# ========== cat pf_manual.txt | para-sort | testnum | testuser
#  ==========
# /home/aveey/tom-project/shell-scripts/tests/batspp-output/trace-setup-sorting-wrappers.outputpp: line 599: para-sort: command not found
# cat: pf_manual.txt/home/aveey/tom-project/shell-scripts/tests/batspp-output/trace-setup-sorting-wrappers.outputpp: line 599: testnum: command not found
# : No such file or directory
# /home/aveey/tom-project/shell-scripts/tests/batspp-output/trace-setup-sorting-wrappers.outputpp: line 599: testuser: command not found
not ok 15 test-16
# (from function `test-16-actual' in file batspp-output/trace-setup-sorting-wrappers.outputpp, line 633,
#  in test file batspp-output/trace-setup-sorting-wrappers.outputpp, line 620)
#   `test-16-actual ' failed with status 127
# ========== cat pf_manual.txt | echoize | head -n 5 | testuser | testnum
#  ==========
# /home/aveey/tom-project/shell-scripts/tests/batspp-output/trace-setup-sorting-wrappers.outputpp: line 633: echoize: command not found
# cat: pf_manual.txt: No such file or directory
# /home/aveey/tom-project/shell-scripts/tests/batspp-output/trace-setup-sorting-wrappers.outputpp: line 633: testuser: command not found
# /home/aveey/tom-project/shell-scripts/tests/batspp-output/trace-setup-sorting-wrappers.outputpp: line 633: testnum: command not found
