1..3
not ok 1 test-1
# (in test file batspp-only/hello-world-basic.bats, line 21)
#   `[ "$(test-1-actual)" == "$(test-1-expected)" ]' failed
# ========== bind 'set enable-bracketed-paste off'\n ==========
# /home/aveey/tom-project/shell-scripts/tests/batspp-only/hello-world-basic.bats: line 28: bind: warning: line editing not enabled
# ========= $ echo "BIND ON!" =========
# $ echo "BIND ON!"
# ============================
# /home/aveey/tom-project/shell-scripts/tests/batspp-only/hello-world-basic.bats: line 28: bind: warning: line editing not enabled
ok 2 test-3
ok 3 test-4
